
[TestNewSimpleWithCapacityZeroCapacity - 1]
capacity must be greater than 0
---

[TestNewSimpleWithCapacityTooManyCapacity - 1]
capacity must be less than 1000000
---

[TestSimpleMetricsAggregate - 1]
metrics.Result{NumberOfQueries:10, TotalProcessingTime:55000000000, MinResponse:1000000000, MedianResponse:6000000000, AverageResponse:5500000000, MaxResponse:10000000000}
---
